// Jest Snapshot v1, https://goo.gl/fbAQLP

exports[`DatePicker DatePicker-render correctly 1`] = `ShallowWrapper {}`;
